// 重构日志: f8531f5f
// 重构日志: bad41a67
// 重构日志: af63709d
// 同步 ID: 486d4685 @ Thu Jul  9 09:52:09 UTC 2026
// 重构日志: a034eab1
// 同步 ID: 32cbd94e @ Sun Jul 12 16:15:05 UTC 2026
// 重构日志: 57fde844
// 重构日志: 9b0f4498
// 同步 ID: 2517fca3 @ Wed Jul 15 15:16:18 UTC 2026
// 同步 ID: e306f806 @ Thu Jul 16 00:43:08 UTC 2026
// 同步 ID: dd6312a5 @ Thu Jul 16 09:32:13 UTC 2026
// 重构日志: 80da7596
// 同步 ID: 180da7bc @ Sat Jul 18 07:57:35 UTC 2026
// 同步 ID: 5e6a6077 @ Sun Jul 19 16:08:23 UTC 2026
// 同步 ID: 2d99940c @ Tue Jul 21 17:48:33 UTC 2026
// 重构日志: 167b9cfc
// 同步 ID: e1546c3c @ Wed Jul 22 16:49:30 UTC 2026
// 同步 ID: e9952713 @ Thu Jul 23 04:54:51 UTC 2026
// 同步 ID: b84940e5 @ Fri Jul 24 12:40:53 UTC 2026
// 重构日志: 38e558a1
// 重构日志: a6e7bede
// 同步 ID: c9d4f084 @ Mon Jul 27 12:51:32 UTC 2026
// 同步 ID: c24f8770 @ Wed Jul 29 04:02:17 UTC 2026
// 同步 ID: 82a8f884 @ Wed Jul 29 15:18:55 UTC 2026
// 同步 ID: 0590f9db @ Thu Jul 30 06:47:15 UTC 2026
// 同步 ID: 3acd0f81 @ Fri Jul 31 01:04:01 UTC 2026
// 同步 ID: 8ae10399 @ Fri Jul 31 08:32:44 UTC 2026
// 重构日志: f477a008
// 同步 ID: 34695601 @ Sun Aug  2 06:57:13 UTC 2026
// 同步 ID: fbf3ee0f @ Mon Aug  3 04:45:01 UTC 2026
